// Jest Snapshot v1, https://goo.gl/fbAQLP

exports[`currency and transfers when the number of transfers changes, tickets shouldn't be lost 1`] = `
<body>
  <div>
    <div
      class="list"
    >
      <div
        class="ticket"
      >
        <div>
          <div
            class="ticket__sideContent"
          >
            <div
              class="ticket__container"
            >
              <div
                class="ticket__buyButton"
              >
                <a
                  class="ticket__buyButton_btn"
                  href="#"
                >
                  Купить 
                  15300
                </a>
              </div>
              <div
                class="ticket__carrier"
              >
                Компания: 
                SU
              </div>
              <div
                class="ticket__stop"
              >
                Количество пересдок: 
                0
              </div>
            </div>
          </div>
          <div
            class="ticket__content"
          >
            <div
              class="ticket__body"
            >
              <div
                class="ticket__origin"
              >
                <div
                  class="ticket__time"
                >
                  Время отправления: 
                  12:10
                </div>
                <div
                  class="ticket__name"
                >
                  VVO
                  , 
                  Владивосток
                </div>
                <div
                  class="ticket__date"
                >
                  12.05.18
                </div>
              </div>
              <div
                class="ticket__destination"
              >
                <div
                  class="ticket__time"
                >
                  Время прибытия: 
                  18:10
                </div>
                <div
                  class="ticket__name"
                >
                  TLV
                  , 
                  Тель-Авив
                </div>
                <div
                  class="ticket__date"
                >
                  12.05.18
                </div>
              </div>
            </div>
          </div>
        </div>
      </div>
      <div
        class="ticket"
      >
        <div>
          <div
            class="ticket__sideContent"
          >
            <div
              class="ticket__container"
            >
              <div
                class="ticket__buyButton"
              >
                <a
                  class="ticket__buyButton_btn"
                  href="#"
                >
                  Купить 
                  14250
                </a>
              </div>
              <div
                class="ticket__carrier"
              >
                Компания: 
                TK
              </div>
              <div
                class="ticket__stop"
              >
                Количество пересдок: 
                0
              </div>
            </div>
          </div>
          <div
            class="ticket__content"
          >
            <div
              class="ticket__body"
            >
              <div
                class="ticket__origin"
              >
                <div
                  class="ticket__time"
                >
                  Время отправления: 
                  6:10
                </div>
                <div
                  class="ticket__name"
                >
                  VVO
                  , 
                  Владивосток
                </div>
                <div
                  class="ticket__date"
                >
                  12.05.18
                </div>
              </div>
              <div
                class="ticket__destination"
              >
                <div
                  class="ticket__time"
                >
                  Время прибытия: 
                  15:25
                </div>
                <div
                  class="ticket__name"
                >
                  TLV
                  , 
                  Тель-Авив
                </div>
                <div
                  class="ticket__date"
                >
                  12.05.18
                </div>
              </div>
            </div>
          </div>
        </div>
      </div>
      <div
        class="ticket"
      >
        <div>
          <div
            class="ticket__sideContent"
          >
            <div
              class="ticket__container"
            >
              <div
                class="ticket__buyButton"
              >
                <a
                  class="ticket__buyButton_btn"
                  href="#"
                >
                  Купить 
                  17400
                </a>
              </div>
              <div
                class="ticket__carrier"
              >
                Компания: 
                S7
              </div>
              <div
                class="ticket__stop"
              >
                Количество пересдок: 
                0
              </div>
            </div>
          </div>
          <div
            class="ticket__content"
          >
            <div
              class="ticket__body"
            >
              <div
                class="ticket__origin"
              >
                <div
                  class="ticket__time"
                >
                  Время отправления: 
                  6:10
                </div>
                <div
                  class="ticket__name"
                >
                  VVO
                  , 
                  Владивосток
                </div>
                <div
                  class="ticket__date"
                >
                  12.05.18
                </div>
              </div>
              <div
                class="ticket__destination"
              >
                <div
                  class="ticket__time"
                >
                  Время прибытия: 
                  16:15
                </div>
                <div
                  class="ticket__name"
                >
                  TLV
                  , 
                  Тель-Авив
                </div>
                <div
                  class="ticket__date"
                >
                  12.05.18
                </div>
              </div>
            </div>
          </div>
        </div>
      </div>
    </div>
  </div>
</body>
`;
